1.186.42.106 - 3d48e35cf436adb61525d2d9676e788f [04/Jul/2016:10:06:24 +0000] "GET /cd-api/v1/data/header-footer HTTP/1.1" 200 12290 "http://localhost:8888/cd-frontend/" "Mozilla/5.0 (Macintosh; Intel Mac OS X 10_10_5) AppleWebKit/537.36 (KHTML, like Gecko) Chrome/51.0.2704.103 Safari/537.36"
1.186.42.106 - - [04/Jul/2016:10:06:25 +0000] "OPTIONS /cd-api/v1/data/home HTTP/1.1" 200 119 "http://localhost:8888/cd-frontend/" "Mozilla/5.0 (Macintosh; Intel Mac OS X 10_10_5) AppleWebKit/537.36 (KHTML, like Gecko) Chrome/51.0.2704.103 Safari/537.36"
1.186.42.106 - 3d48e35cf436adb61525d2d9676e788f [04/Jul/2016:10:06:25 +0000] "GET /cd-api/v1/data/home HTTP/1.1" 200 5182 "http://localhost:8888/cd-frontend/" "Mozilla/5.0 (Macintosh; Intel Mac OS X 10_10_5) AppleWebKit/537.36 (KHTML, like Gecko) Chrome/51.0.2704.103 Safari/537.36"
52.77.106.34 - 743b238e70b806a4d9431113e3a403c9 [04/Jul/2016:10:06:27 +0000] "GET /cd-api/v1/users/auth/check HTTP/1.1" 200 108 "-" "-"
1.186.42.106 - - [04/Jul/2016:10:06:27 +0000] "OPTIONS /cd-api/v1/stores/offers?store[]=flipkart HTTP/1.1" 200 119 "http://localhost:8888/cd-frontend/" "Mozilla/5.0 (Macintosh; Intel Mac OS X 10_10_5) AppleWebKit/537.36 (KHTML, like Gecko) Chrome/51.0.2704.103 Safari/537.36"
1.186.42.106 - - [04/Jul/2016:10:06:27 +0000] "OPTIONS /cd-api/v1/stores/flipkart HTTP/1.1" 200 119 "http://localhost:8888/cd-frontend/" "Mozilla/5.0 (Macintosh; Intel Mac OS X 10_10_5) AppleWebKit/537.36 (KHTML, like Gecko) Chrome/51.0.2704.103 Safari/537.36"
1.186.42.106 - - [04/Jul/2016:10:06:27 +0000] "POST /cd-api/v1/log/log-error HTTP/1.1" 200 56 "http://localhost:8888/cd-frontend/flipkart" "Mozilla/5.0 (Macintosh; Intel Mac OS X 10_10_5) AppleWebKit/537.36 (KHTML, like Gecko) Chrome/51.0.2704.103 Safari/537.36"
1.186.42.106 - 3d48e35cf436adb61525d2d9676e788f [04/Jul/2016:10:06:27 +0000] "POST /cd-api/v1/session/user-audit-trail HTTP/1.1" 200 138 "http://localhost:8888/cd-frontend/flipkart" "Mozilla/5.0 (Macintosh; Intel Mac OS X 10_10_5) AppleWebKit/537.36 (KHTML, like Gecko) Chrome/51.0.2704.103 Safari/537.36"
1.186.42.106 - 3d48e35cf436adb61525d2d9676e788f [04/Jul/2016:10:06:27 +0000] "GET /cd-api/v1/stores/offers?store[]=flipkart HTTP/1.1" 200 9732 "http://localhost:8888/cd-frontend/flipkart" "Mozilla/5.0 (Macintosh; Intel Mac OS X 10_10_5) AppleWebKit/537.36 (KHTML, like Gecko) Chrome/51.0.2704.103 Safari/537.36"
1.186.42.106 - 3d48e35cf436adb61525d2d9676e788f [04/Jul/2016:10:06:27 +0000] "GET /cd-api/v1/stores/Flipkart HTTP/1.1" 200 3931 "http://localhost:8888/cd-frontend/flipkart" "Mozilla/5.0 (Macintosh; Intel Mac OS X 10_10_5) AppleWebKit/537.36 (KHTML, like Gecko) Chrome/51.0.2704.103 Safari/537.36"
1.186.42.106 - - [04/Jul/2016:10:06:32 +0000] "OPTIONS /cd-api/v1/session/user-audit-trail HTTP/1.1" 200 119 "http://localhost:8888/cd-frontend/flipkart" "Mozilla/5.0 (Macintosh; Intel Mac OS X 10_10_5) AppleWebKit/537.36 (KHTML, like Gecko) Chrome/51.0.2704.103 Safari/537.36"
1.186.42.106 - 3d48e35cf436adb61525d2d9676e788f [04/Jul/2016:10:06:32 +0000] "POST /cd-api/v1/session/user-audit-trail HTTP/1.1" 200 138 "http://localhost:8888/cd-frontend/flipkart" "Mozilla/5.0 (Macintosh; Intel Mac OS X 10_10_5) AppleWebKit/537.36 (KHTML, like Gecko) Chrome/51.0.2704.103 Safari/537.36"
52.77.106.34 - 1040f4ece509d0de4e2fc7cf6d8c9e7d [04/Jul/2016:10:06:36 +0000] "GET /cd-api/v1/users/auth/check HTTP/1.1" 200 63 "-" "-"
52.77.106.34 - 1040f4ece509d0de4e2fc7cf6d8c9e7d [04/Jul/2016:10:06:36 +0000] "GET /cd-api/v1/users/auth/check HTTP/1.1" 200 63 "-" "-"
1.186.42.106 - - [04/Jul/2016:10:06:51 +0000] "POST /cd-api/v1/log/log-error HTTP/1.1" 200 56 "https://cashback.couponapitest.com/profile/settings/password" "Mozilla/5.0 (Windows NT 10.0; WOW64) AppleWebKit/537.36 (KHTML, like Gecko) Chrome/51.0.2704.103 Safari/537.36"
--
52.77.106.34 - 6e522d5f16337d3f273c2da9eb0a7904 [04/Jul/2016:10:30:02 +0000] "GET /cd-api/v1/users/auth/check HTTP/1.1" 200 63 "-" "-"
52.77.106.34 - 6e522d5f16337d3f273c2da9eb0a7904 [04/Jul/2016:10:30:26 +0000] "GET /cd-api/v1/users/auth/check HTTP/1.1" 200 63 "-" "-"
52.77.106.34 - 6e522d5f16337d3f273c2da9eb0a7904 [04/Jul/2016:10:30:26 +0000] "GET /cd-api/v1/users/auth/check HTTP/1.1" 200 63 "-" "-"
1.186.42.106 - - [04/Jul/2016:10:30:49 +0000] "OPTIONS /cd-api/v1/data/header-footer HTTP/1.1" 200 119 "http://localhost:8888/cd-frontend/flipkart" "Mozilla/5.0 (Macintosh; Intel Mac OS X 10_10_5) AppleWebKit/537.36 (KHTML, like Gecko) Chrome/51.0.2704.103 Safari/537.36"
1.186.42.106 - 3d48e35cf436adb61525d2d9676e788f [04/Jul/2016:10:30:49 +0000] "GET /cd-api/v1/data/header-footer HTTP/1.1" 200 108 "http://localhost:8888/cd-frontend/flipkart" "Mozilla/5.0 (Macintosh; Intel Mac OS X 10_10_5) AppleWebKit/537.36 (KHTML, like Gecko) Chrome/51.0.2704.103 Safari/537.36"
1.186.42.106 - - [04/Jul/2016:10:30:50 +0000] "OPTIONS /cd-api/v1/stores/flipkart HTTP/1.1" 200 119 "http://localhost:8888/cd-frontend/flipkart" "Mozilla/5.0 (Macintosh; Intel Mac OS X 10_10_5) AppleWebKit/537.36 (KHTML, like Gecko) Chrome/51.0.2704.103 Safari/537.36"
1.186.42.106 - - [04/Jul/2016:10:30:50 +0000] "OPTIONS /cd-api/v1/stores/offers?store[]=flipkart HTTP/1.1" 200 119 "http://localhost:8888/cd-frontend/flipkart" "Mozilla/5.0 (Macintosh; Intel Mac OS X 10_10_5) AppleWebKit/537.36 (KHTML, like Gecko) Chrome/51.0.2704.103 Safari/537.36"
1.186.42.106 - - [04/Jul/2016:10:30:50 +0000] "OPTIONS /cd-api/v1/users/auth/guest HTTP/1.1" 200 119 "http://localhost:8888/cd-frontend/flipkart" "Mozilla/5.0 (Macintosh; Intel Mac OS X 10_10_5) AppleWebKit/537.36 (KHTML, like Gecko) Chrome/51.0.2704.103 Safari/537.36"
1.186.42.106 - - [04/Jul/2016:10:30:50 +0000] "OPTIONS /cd-api/v1/session/user-audit-trail HTTP/1.1" 200 119 "http://localhost:8888/cd-frontend/flipkart" "Mozilla/5.0 (Macintosh; Intel Mac OS X 10_10_5) AppleWebKit/537.36 (KHTML, like Gecko) Chrome/51.0.2704.103 Safari/537.36"
52.77.106.34 - 6e522d5f16337d3f273c2da9eb0a7904 [04/Jul/2016:10:30:50 +0000] "GET /cd-api/v1/users/auth/check HTTP/1.1" 200 63 "-" "-"
1.186.42.106 - 3d48e35cf436adb61525d2d9676e788f [04/Jul/2016:10:30:50 +0000] "GET /cd-api/v1/stores/Flipkart HTTP/1.1" 200 108 "http://localhost:8888/cd-frontend/flipkart" "Mozilla/5.0 (Macintosh; Intel Mac OS X 10_10_5) AppleWebKit/537.36 (KHTML, like Gecko) Chrome/51.0.2704.103 Safari/537.36"
1.186.42.106 - 3d48e35cf436adb61525d2d9676e788f [04/Jul/2016:10:30:50 +0000] "GET /cd-api/v1/stores/offers?store[]=flipkart HTTP/1.1" 200 108 "http://localhost:8888/cd-frontend/flipkart" "Mozilla/5.0 (Macintosh; Intel Mac OS X 10_10_5) AppleWebKit/537.36 (KHTML, like Gecko) Chrome/51.0.2704.103 Safari/537.36"
1.186.42.106 - - [04/Jul/2016:10:30:50 +0000] "GET /cd-api/v1/users/auth/guest HTTP/1.1" 200 101 "http://localhost:8888/cd-frontend/flipkart" "Mozilla/5.0 (Macintosh; Intel Mac OS X 10_10_5) AppleWebKit/537.36 (KHTML, like Gecko) Chrome/51.0.2704.103 Safari/537.36"
52.77.106.34 - 6e522d5f16337d3f273c2da9eb0a7904 [04/Jul/2016:10:30:51 +0000] "GET /cd-api/v1/users/auth/check HTTP/1.1" 200 63 "-" "-"
1.186.42.106 - 3d48e35cf436adb61525d2d9676e788f [04/Jul/2016:10:30:51 +0000] "POST /cd-api/v1/session/user-audit-trail HTTP/1.1" 200 108 "http://localhost:8888/cd-frontend/flipkart" "Mozilla/5.0 (Macintosh; Intel Mac OS X 10_10_5) AppleWebKit/537.36 (KHTML, like Gecko) Chrome/51.0.2704.103 Safari/537.36"
1.186.42.106 - 90646e00cd1f16f820cff79e055efca2 [04/Jul/2016:10:30:51 +0000] "GET /cd-api/v1/data/header-footer HTTP/1.1" 200 12290 "http://localhost:8888/cd-frontend/flipkart" "Mozilla/5.0 (Macintosh; Intel Mac OS X 10_10_5) AppleWebKit/537.36 (KHTML, like Gecko) Chrome/51.0.2704.103 Safari/537.36"
1.186.42.106 - 90646e00cd1f16f820cff79e055efca2 [04/Jul/2016:10:30:51 +0000] "POST /cd-api/v1/session/user-audit-trail HTTP/1.1" 200 138 "http://localhost:8888/cd-frontend/flipkart" "Mozilla/5.0 (Macintosh; Intel Mac OS X 10_10_5) AppleWebKit/537.36 (KHTML, like Gecko) Chrome/51.0.2704.103 Safari/537.36"
1.186.42.106 - 90646e00cd1f16f820cff79e055efca2 [04/Jul/2016:10:30:53 +0000] "GET /cd-api/v1/stores/offers?store[]=flipkart HTTP/1.1" 200 9732 "http://localhost:8888/cd-frontend/flipkart" "Mozilla/5.0 (Macintosh; Intel Mac OS X 10_10_5) AppleWebKit/537.36 (KHTML, like Gecko) Chrome/51.0.2704.103 Safari/537.36"
1.186.42.106 - 90646e00cd1f16f820cff79e055efca2 [04/Jul/2016:10:30:53 +0000] "GET /cd-api/v1/stores/flipkart HTTP/1.1" 200 3931 "http://localhost:8888/cd-frontend/flipkart" "Mozilla/5.0 (Macintosh; Intel Mac OS X 10_10_5) AppleWebKit/537.36 (KHTML, like Gecko) Chrome/51.0.2704.103 Safari/537.36"
1.186.42.106 - 90646e00cd1f16f820cff79e055efca2 [04/Jul/2016:10:30:55 +0000] "POST /cd-api/v1/session/user-audit-trail HTTP/1.1" 200 138 "http://localhost:8888/cd-frontend/flipkart" "Mozilla/5.0 (Macintosh; Intel Mac OS X 10_10_5) AppleWebKit/537.36 (KHTML, like Gecko) Chrome/51.0.2704.103 Safari/537.36"
52.77.106.34 - 6e522d5f16337d3f273c2da9eb0a7904 [04/Jul/2016:10:31:15 +0000] "GET /cd-api/v1/users/auth/check HTTP/1.1" 200 63 "-" "-"
52.77.106.34 - 6e522d5f16337d3f273c2da9eb0a7904 [04/Jul/2016:10:31:15 +0000] "GET /cd-api/v1/users/auth/check HTTP/1.1" 200 63 "-" "-"
52.77.106.34 - 6e522d5f16337d3f273c2da9eb0a7904 [04/Jul/2016:10:31:39 +0000] "GET /cd-api/v1/users/auth/check HTTP/1.1" 200 63 "-" "-"
52.77.106.34 - 6e522d5f16337d3f273c2da9eb0a7904 [04/Jul/2016:10:31:40 +0000] "GET /cd-api/v1/users/auth/check HTTP/1.1" 200 63 "-" "-"
1.186.42.106 - - [04/Jul/2016:10:31:55 +0000] "OPTIONS /cd-api/v1/data/header-footer HTTP/1.1" 200 119 "http://localhost:8888/cd-frontend/flipkart" "Mozilla/5.0 (Macintosh; Intel Mac OS X 10_10_5) AppleWebKit/537.36 (KHTML, like Gecko) Chrome/51.0.2704.103 Safari/537.36"
1.186.42.106 - 90646e00cd1f16f820cff79e055efca2 [04/Jul/2016:10:31:55 +0000] "GET /cd-api/v1/data/header-footer HTTP/1.1" 200 12290 "http://localhost:8888/cd-frontend/flipkart" "Mozilla/5.0 (Macintosh; Intel Mac OS X 10_10_5) AppleWebKit/537.36 (KHTML, like Gecko) Chrome/51.0.2704.103 Safari/537.36"
1.186.42.106 - - [04/Jul/2016:10:31:56 +0000] "OPTIONS /cd-api/v1/stores/flipkart HTTP/1.1" 200 119 "http://localhost:8888/cd-frontend/flipkart" "Mozilla/5.0 (Macintosh; Intel Mac OS X 10_10_5) AppleWebKit/537.36 (KHTML, like Gecko) Chrome/51.0.2704.103 Safari/537.36"
1.186.42.106 - - [04/Jul/2016:10:31:56 +0000] "OPTIONS /cd-api/v1/stores/offers?store[]=flipkart HTTP/1.1" 200 119 "http://localhost:8888/cd-frontend/flipkart" "Mozilla/5.0 (Macintosh; Intel Mac OS X 10_10_5) AppleWebKit/537.36 (KHTML, like Gecko) Chrome/51.0.2704.103 Safari/537.36"
1.186.42.106 - - [04/Jul/2016:10:31:56 +0000] "OPTIONS /cd-api/v1/session/user-audit-trail HTTP/1.1" 200 119 "http://localhost:8888/cd-frontend/flipkart" "Mozilla/5.0 (Macintosh; Intel Mac OS X 10_10_5) AppleWebKit/537.36 (KHTML, like Gecko) Chrome/51.0.2704.103 Safari/537.36"
1.186.42.106 - 90646e00cd1f16f820cff79e055efca2 [04/Jul/2016:10:31:57 +0000] "GET /cd-api/v1/stores/offers?store[]=flipkart HTTP/1.1" 200 9732 "http://localhost:8888/cd-frontend/flipkart" "Mozilla/5.0 (Macintosh; Intel Mac OS X 10_10_5) AppleWebKit/537.36 (KHTML, like Gecko) Chrome/51.0.2704.103 Safari/537.36"
1.186.42.106 - 90646e00cd1f16f820cff79e055efca2 [04/Jul/2016:10:31:57 +0000] "POST /cd-api/v1/session/user-audit-trail HTTP/1.1" 200 138 "http://localhost:8888/cd-frontend/flipkart" "Mozilla/5.0 (Macintosh; Intel Mac OS X 10_10_5) AppleWebKit/537.36 (KHTML, like Gecko) Chrome/51.0.2704.103 Safari/537.36"
1.186.42.106 - 90646e00cd1f16f820cff79e055efca2 [04/Jul/2016:10:31:57 +0000] "GET /cd-api/v1/stores/flipkart HTTP/1.1" 200 3931 "http://localhost:8888/cd-frontend/flipkart" "Mozilla/5.0 (Macintosh; Intel Mac OS X 10_10_5) AppleWebKit/537.36 (KHTML, like Gecko) Chrome/51.0.2704.103 Safari/537.36"
52.77.106.34 - 6e522d5f16337d3f273c2da9eb0a7904 [04/Jul/2016:10:32:04 +0000] "GET /cd-api/v1/users/auth/check HTTP/1.1" 200 63 "-" "-"
52.77.106.34 - 6e522d5f16337d3f273c2da9eb0a7904 [04/Jul/2016:10:32:04 +0000] "GET /cd-api/v1/users/auth/check HTTP/1.1" 200 63 "-" "-"
52.77.106.34 - 6e522d5f16337d3f273c2da9eb0a7904 [04/Jul/2016:10:32:28 +0000] "GET /cd-api/v1/users/auth/check HTTP/1.1" 200 63 "-" "-"
52.77.106.34 - 6e522d5f16337d3f273c2da9eb0a7904 [04/Jul/2016:10:32:29 +0000] "GET /cd-api/v1/users/auth/check HTTP/1.1" 200 63 "-" "-"
1.186.42.106 - - [04/Jul/2016:10:32:37 +0000] "OPTIONS /cd-api/v1/data/header-footer HTTP/1.1" 200 119 "http://localhost:8888/cd-frontend/flipkart" "Mozilla/5.0 (Macintosh; Intel Mac OS X 10_10_5) AppleWebKit/537.36 (KHTML, like Gecko) Chrome/51.0.2704.103 Safari/537.36"
1.186.42.106 - 90646e00cd1f16f820cff79e055efca2 [04/Jul/2016:10:32:37 +0000] "GET /cd-api/v1/data/header-footer HTTP/1.1" 200 12290 "http://localhost:8888/cd-frontend/flipkart" "Mozilla/5.0 (Macintosh; Intel Mac OS X 10_10_5) AppleWebKit/537.36 (KHTML, like Gecko) Chrome/51.0.2704.103 Safari/537.36"
1.186.42.106 - - [04/Jul/2016:10:32:38 +0000] "OPTIONS /cd-api/v1/stores/flipkart HTTP/1.1" 200 119 "http://localhost:8888/cd-frontend/flipkart" "Mozilla/5.0 (Macintosh; Intel Mac OS X 10_10_5) AppleWebKit/537.36 (KHTML, like Gecko) Chrome/51.0.2704.103 Safari/537.36"
1.186.42.106 - - [04/Jul/2016:10:32:38 +0000] "OPTIONS /cd-api/v1/stores/offers?store[]=flipkart HTTP/1.1" 200 119 "http://localhost:8888/cd-frontend/flipkart" "Mozilla/5.0 (Macintosh; Intel Mac OS X 10_10_5) AppleWebKit/537.36 (KHTML, like Gecko) Chrome/51.0.2704.103 Safari/537.36"
1.186.42.106 - - [04/Jul/2016:10:32:39 +0000] "OPTIONS /cd-api/v1/session/user-audit-trail HTTP/1.1" 200 119 "http://localhost:8888/cd-frontend/flipkart" "Mozilla/5.0 (Macintosh; Intel Mac OS X 10_10_5) AppleWebKit/537.36 (KHTML, like Gecko) Chrome/51.0.2704.103 Safari/537.36"
1.186.42.106 - 90646e00cd1f16f820cff79e055efca2 [04/Jul/2016:10:32:39 +0000] "GET /cd-api/v1/stores/flipkart HTTP/1.1" 200 3931 "http://localhost:8888/cd-frontend/flipkart" "Mozilla/5.0 (Macintosh; Intel Mac OS X 10_10_5) AppleWebKit/537.36 (KHTML, like Gecko) Chrome/51.0.2704.103 Safari/537.36"
1.186.42.106 - 90646e00cd1f16f820cff79e055efca2 [04/Jul/2016:10:32:39 +0000] "GET /cd-api/v1/stores/offers?store[]=flipkart HTTP/1.1" 200 9732 "http://localhost:8888/cd-frontend/flipkart" "Mozilla/5.0 (Macintosh; Intel Mac OS X 10_10_5) AppleWebKit/537.36 (KHTML, like Gecko) Chrome/51.0.2704.103 Safari/537.36"
1.186.42.106 - 90646e00cd1f16f820cff79e055efca2 [04/Jul/2016:10:32:39 +0000] "POST /cd-api/v1/session/user-audit-trail HTTP/1.1" 200 138 "http://localhost:8888/cd-frontend/flipkart" "Mozilla/5.0 (Macintosh; Intel Mac OS X 10_10_5) AppleWebKit/537.36 (KHTML, like Gecko) Chrome/51.0.2704.103 Safari/537.36"
1.186.42.106 - - [04/Jul/2016:10:32:45 +0000] "OPTIONS /cd-api/v1/session/user-audit-trail HTTP/1.1" 200 119 "http://localhost:8888/cd-frontend/flipkart" "Mozilla/5.0 (Macintosh; Intel Mac OS X 10_10_5) AppleWebKit/537.36 (KHTML, like Gecko) Chrome/51.0.2704.103 Safari/537.36"
1.186.42.106 - 90646e00cd1f16f820cff79e055efca2 [04/Jul/2016:10:32:46 +0000] "POST /cd-api/v1/session/user-audit-trail HTTP/1.1" 200 138 "http://localhost:8888/cd-frontend/flipkart" "Mozilla/5.0 (Macintosh; Intel Mac OS X 10_10_5) AppleWebKit/537.36 (KHTML, like Gecko) Chrome/51.0.2704.103 Safari/537.36"
52.77.106.34 - 6e522d5f16337d3f273c2da9eb0a7904 [04/Jul/2016:10:32:53 +0000] "GET /cd-api/v1/users/auth/check HTTP/1.1" 200 63 "-" "-"
--
52.77.106.34 - 227fb46cd504bede2c431c3f3e52c79c [04/Jul/2016:10:35:24 +0000] "GET /cd-api/v1/users/auth/check HTTP/1.1" 200 63 "-" "-"
52.77.106.34 - 227fb46cd504bede2c431c3f3e52c79c [04/Jul/2016:10:35:24 +0000] "GET /cd-api/v1/users/auth/check HTTP/1.1" 200 63 "-" "-"
1.186.42.106 - 227fb46cd504bede2c431c3f3e52c79c [04/Jul/2016:10:35:24 +0000] "POST /cd-api/v1/session/user-audit-trail HTTP/1.1" 200 127 "https://cashback.couponapitest.com/" "Mozilla/5.0 (Macintosh; Intel Mac OS X 10_10_5) AppleWebKit/537.36 (KHTML, like Gecko) Chrome/51.0.2704.84 Safari/537.36"
1.186.42.106 - 227fb46cd504bede2c431c3f3e52c79c [04/Jul/2016:10:35:24 +0000] "GET /cd-api/v1/users/me/referral-info HTTP/1.1" 200 761 "https://cashback.couponapitest.com/" "Mozilla/5.0 (Macintosh; Intel Mac OS X 10_10_5) AppleWebKit/537.36 (KHTML, like Gecko) Chrome/51.0.2704.84 Safari/537.36"
1.186.42.106 - 227fb46cd504bede2c431c3f3e52c79c [04/Jul/2016:10:35:24 +0000] "GET /cd-api/v1/users/me/recent-stores HTTP/1.1" 200 186 "https://cashback.couponapitest.com/" "Mozilla/5.0 (Macintosh; Intel Mac OS X 10_10_5) AppleWebKit/537.36 (KHTML, like Gecko) Chrome/51.0.2704.84 Safari/537.36"
1.186.42.106 - 227fb46cd504bede2c431c3f3e52c79c [04/Jul/2016:10:35:32 +0000] "GET /cd-api/v1/stores/flipkart HTTP/1.1" 200 3928 "https://cashback.couponapitest.com/" "Mozilla/5.0 (Macintosh; Intel Mac OS X 10_10_5) AppleWebKit/537.36 (KHTML, like Gecko) Chrome/51.0.2704.84 Safari/537.36"
1.186.42.106 - 227fb46cd504bede2c431c3f3e52c79c [04/Jul/2016:10:35:33 +0000] "GET /cd-api/v1/stores/offers?store[]=flipkart HTTP/1.1" 200 9767 "https://cashback.couponapitest.com/" "Mozilla/5.0 (Macintosh; Intel Mac OS X 10_10_5) AppleWebKit/537.36 (KHTML, like Gecko) Chrome/51.0.2704.84 Safari/537.36"
1.186.42.106 - 227fb46cd504bede2c431c3f3e52c79c [04/Jul/2016:10:35:33 +0000] "POST /cd-api/v1/session/user-audit-trail HTTP/1.1" 200 127 "https://cashback.couponapitest.com/flipkart" "Mozilla/5.0 (Macintosh; Intel Mac OS X 10_10_5) AppleWebKit/537.36 (KHTML, like Gecko) Chrome/51.0.2704.84 Safari/537.36"
52.77.106.34 - - [04/Jul/2016:10:35:33 +0000] "GET /cd-api/v1/users/30043/data HTTP/1.1" 200 583 "-" "GuzzleHttp/6.2.0 curl/7.40.0 PHP/7.0.4"
1.186.42.106 - - [04/Jul/2016:10:35:33 +0000] "GET /go-store/flipkart?silent=true HTTP/1.1" 302 5 "https://cashback.couponapitest.com/flipkart" "Mozilla/5.0 (Macintosh; Intel Mac OS X 10_10_5) AppleWebKit/537.36 (KHTML, like Gecko) Chrome/51.0.2704.84 Safari/537.36"
52.77.106.34 - 87ccfca0200642cce823dc9a2913ecaa [04/Jul/2016:10:35:46 +0000] "GET /cd-api/v1/users/auth/check HTTP/1.1" 200 63 "-" "-"
--
1.186.42.106 - 227fb46cd504bede2c431c3f3e52c79c [04/Jul/2016:10:35:54 +0000] "GET /cd-api/v1/users/me HTTP/1.1" 200 453 "https://cashback.couponapitest.com/flipkart" "Mozilla/5.0 (Macintosh; Intel Mac OS X 10_10_5) AppleWebKit/537.36 (KHTML, like Gecko) Chrome/51.0.2704.84 Safari/537.36"
1.186.42.106 - 227fb46cd504bede2c431c3f3e52c79c [04/Jul/2016:10:35:54 +0000] "GET /cd-api/v1/data/header-footer HTTP/1.1" 200 12291 "https://cashback.couponapitest.com/flipkart" "Mozilla/5.0 (Macintosh; Intel Mac OS X 10_10_5) AppleWebKit/537.36 (KHTML, like Gecko) Chrome/51.0.2704.84 Safari/537.36"
1.186.42.106 - 227fb46cd504bede2c431c3f3e52c79c [04/Jul/2016:10:35:54 +0000] "GET /cd-api/v1/users/me/referral-info HTTP/1.1" 200 761 "https://cashback.couponapitest.com/flipkart" "Mozilla/5.0 (Macintosh; Intel Mac OS X 10_10_5) AppleWebKit/537.36 (KHTML, like Gecko) Chrome/51.0.2704.84 Safari/537.36"
52.77.106.34 - 227fb46cd504bede2c431c3f3e52c79c [04/Jul/2016:10:35:54 +0000] "GET /cd-api/v1/users/auth/check HTTP/1.1" 200 63 "-" "-"
52.77.106.34 - 227fb46cd504bede2c431c3f3e52c79c [04/Jul/2016:10:35:54 +0000] "GET /cd-api/v1/users/auth/check HTTP/1.1" 200 63 "-" "-"
1.186.42.106 - 227fb46cd504bede2c431c3f3e52c79c [04/Jul/2016:10:35:55 +0000] "GET /cd-api/v1/stores/flipkart HTTP/1.1" 200 3928 "https://cashback.couponapitest.com/flipkart" "Mozilla/5.0 (Macintosh; Intel Mac OS X 10_10_5) AppleWebKit/537.36 (KHTML, like Gecko) Chrome/51.0.2704.84 Safari/537.36"
1.186.42.106 - 227fb46cd504bede2c431c3f3e52c79c [04/Jul/2016:10:35:55 +0000] "POST /cd-api/v1/session/user-audit-trail HTTP/1.1" 200 127 "https://cashback.couponapitest.com/flipkart" "Mozilla/5.0 (Macintosh; Intel Mac OS X 10_10_5) AppleWebKit/537.36 (KHTML, like Gecko) Chrome/51.0.2704.84 Safari/537.36"
1.186.42.106 - 227fb46cd504bede2c431c3f3e52c79c [04/Jul/2016:10:35:55 +0000] "GET /cd-api/v1/stores/offers?store[]=flipkart HTTP/1.1" 200 9767 "https://cashback.couponapitest.com/flipkart" "Mozilla/5.0 (Macintosh; Intel Mac OS X 10_10_5) AppleWebKit/537.36 (KHTML, like Gecko) Chrome/51.0.2704.84 Safari/537.36"
52.77.106.34 - - [04/Jul/2016:10:35:56 +0000] "GET /cd-api/v1/users/30043/data HTTP/1.1" 200 583 "-" "GuzzleHttp/6.2.0 curl/7.40.0 PHP/7.0.4"
1.186.42.106 - - [04/Jul/2016:10:35:56 +0000] "GET /go-store/flipkart?silent=true HTTP/1.1" 302 5 "https://cashback.couponapitest.com/flipkart" "Mozilla/5.0 (Macintosh; Intel Mac OS X 10_10_5) AppleWebKit/537.36 (KHTML, like Gecko) Chrome/51.0.2704.84 Safari/537.36"
52.77.106.34 - 87ccfca0200642cce823dc9a2913ecaa [04/Jul/2016:10:36:10 +0000] "GET /cd-api/v1/users/auth/check HTTP/1.1" 200 63 "-" "-"
--
1.186.42.106 - 227fb46cd504bede2c431c3f3e52c79c [04/Jul/2016:10:36:19 +0000] "GET /cd-api/v1/users/me HTTP/1.1" 200 453 "https://cashback.couponapitest.com/flipkart?modal=start-shop-code-modal&t=cd1467628818179" "Mozilla/5.0 (Macintosh; Intel Mac OS X 10_10_5) AppleWebKit/537.36 (KHTML, like Gecko) Chrome/51.0.2704.84 Safari/537.36"
1.186.42.106 - 227fb46cd504bede2c431c3f3e52c79c [04/Jul/2016:10:36:19 +0000] "GET /cd-api/v1/users/me/referral-info HTTP/1.1" 200 761 "https://cashback.couponapitest.com/flipkart?modal=start-shop-code-modal&t=cd1467628818179" "Mozilla/5.0 (Macintosh; Intel Mac OS X 10_10_5) AppleWebKit/537.36 (KHTML, like Gecko) Chrome/51.0.2704.84 Safari/537.36"
52.77.106.34 - 227fb46cd504bede2c431c3f3e52c79c [04/Jul/2016:10:36:19 +0000] "GET /cd-api/v1/users/auth/check HTTP/1.1" 200 63 "-" "-"
1.186.42.106 - 227fb46cd504bede2c431c3f3e52c79c [04/Jul/2016:10:36:19 +0000] "GET /cd-api/v1/data/header-footer HTTP/1.1" 200 12291 "https://cashback.couponapitest.com/flipkart?modal=start-shop-code-modal&t=cd1467628818179" "Mozilla/5.0 (Macintosh; Intel Mac OS X 10_10_5) AppleWebKit/537.36 (KHTML, like Gecko) Chrome/51.0.2704.84 Safari/537.36"
52.77.106.34 - 227fb46cd504bede2c431c3f3e52c79c [04/Jul/2016:10:36:20 +0000] "GET /cd-api/v1/users/auth/check HTTP/1.1" 200 63 "-" "-"
1.186.42.106 - 227fb46cd504bede2c431c3f3e52c79c [04/Jul/2016:10:36:21 +0000] "GET /cd-api/v1/stores/flipkart HTTP/1.1" 200 3928 "https://cashback.couponapitest.com/flipkart?modal=start-shop-code-modal&t=cd1467628818179" "Mozilla/5.0 (Macintosh; Intel Mac OS X 10_10_5) AppleWebKit/537.36 (KHTML, like Gecko) Chrome/51.0.2704.84 Safari/537.36"
1.186.42.106 - 227fb46cd504bede2c431c3f3e52c79c [04/Jul/2016:10:36:21 +0000] "GET /cd-api/v1/stores/offers?store[]=flipkart HTTP/1.1" 200 9767 "https://cashback.couponapitest.com/flipkart?modal=start-shop-code-modal&t=cd1467628818179" "Mozilla/5.0 (Macintosh; Intel Mac OS X 10_10_5) AppleWebKit/537.36 (KHTML, like Gecko) Chrome/51.0.2704.84 Safari/537.36"
1.186.42.106 - 227fb46cd504bede2c431c3f3e52c79c [04/Jul/2016:10:36:21 +0000] "POST /cd-api/v1/session/user-audit-trail HTTP/1.1" 200 127 "https://cashback.couponapitest.com/flipkart?modal=start-shop-code-modal&t=cd1467628818179" "Mozilla/5.0 (Macintosh; Intel Mac OS X 10_10_5) AppleWebKit/537.36 (KHTML, like Gecko) Chrome/51.0.2704.84 Safari/537.36"
52.77.106.34 - - [04/Jul/2016:10:36:22 +0000] "GET /cd-api/v1/users/30043/data HTTP/1.1" 200 583 "-" "GuzzleHttp/6.2.0 curl/7.40.0 PHP/7.0.4"
1.186.42.106 - - [04/Jul/2016:10:36:22 +0000] "GET /go-store/flipkart?silent=true HTTP/1.1" 302 5 "https://cashback.couponapitest.com/flipkart?modal=start-shop-code-modal&t=cd1467628818179" "Mozilla/5.0 (Macintosh; Intel Mac OS X 10_10_5) AppleWebKit/537.36 (KHTML, like Gecko) Chrome/51.0.2704.84 Safari/537.36"
52.77.106.34 - 87ccfca0200642cce823dc9a2913ecaa [04/Jul/2016:10:36:35 +0000] "GET /cd-api/v1/users/auth/check HTTP/1.1" 200 63 "-" "-"
